<h1>a long long long long long long long test message<\h1>
